CASE               B        T   Hq   Hv  STATE  RESULT   MEDIAN (ms)
--------------------------------------------------------------------
2026-08-02 13:34:09  [TileLang:tilelang.jit.kernel:INFO] (kernel.py:133): TileLang begins to compile kernel `kernel` with `out_idx=None`
2026-08-02 13:34:15  [TileLang:tilelang.jit.kernel:INFO] (kernel.py:141): TileLang completes to compile kernel `kernel`
2026-08-02 13:34:16  [TileLang:tilelang.jit.kernel:INFO] (kernel.py:133): TileLang begins to compile kernel `kernel` with `out_idx=None`
2026-08-02 13:34:24  [TileLang:tilelang.jit.kernel:INFO] (kernel.py:141): TileLang completes to compile kernel `kernel`
short_tail_state   1     1025    2    8    yes    PASS         0.312
2026-08-02 13:34:25  [TileLang:tilelang.jit.kernel:INFO] (kernel.py:133): TileLang begins to compile kernel `kernel` with `out_idx=None`
2026-08-02 13:34:31  [TileLang:tilelang.jit.kernel:INFO] (kernel.py:141): TileLang completes to compile kernel `kernel`
2026-08-02 13:34:32  [TileLang:tilelang.jit.kernel:INFO] (kernel.py:133): TileLang begins to compile kernel `kernel` with `out_idx=None`
2026-08-02 13:34:40  [TileLang:tilelang.jit.kernel:INFO] (kernel.py:141): TileLang completes to compile kernel `kernel`
chain_equal        1     8192    4    4     no    PASS         1.507
2026-08-02 13:34:41  [TileLang:tilelang.jit.kernel:INFO] (kernel.py:133): TileLang begins to compile kernel `kernel` with `out_idx=None`
2026-08-02 13:34:47  [TileLang:tilelang.jit.kernel:INFO] (kernel.py:141): TileLang completes to compile kernel `kernel`
2026-08-02 13:34:49  [TileLang:tilelang.jit.kernel:INFO] (kernel.py:133): TileLang begins to compile kernel `kernel` with `out_idx=None`
2026-08-02 13:34:56  [TileLang:tilelang.jit.kernel:INFO] (kernel.py:141): TileLang completes to compile kernel `kernel`
parallel_equal     1     2048   16   16     no    PASS         1.026
2026-08-02 13:34:57  [TileLang:tilelang.jit.kernel:INFO] (kernel.py:133): TileLang begins to compile kernel `kernel` with `out_idx=None`
2026-08-02 13:35:03  [TileLang:tilelang.jit.kernel:INFO] (kernel.py:141): TileLang completes to compile kernel `kernel`
2026-08-02 13:35:05  [TileLang:tilelang.jit.kernel:INFO] (kernel.py:133): TileLang begins to compile kernel `kernel` with `out_idx=None`
2026-08-02 13:35:12  [TileLang:tilelang.jit.kernel:INFO] (kernel.py:141): TileLang completes to compile kernel `kernel`
parallel_gva       1     2048    4   16     no    PASS         0.979
2026-08-02 13:35:14  [TileLang:tilelang.jit.kernel:INFO] (kernel.py:133): TileLang begins to compile kernel `kernel` with `out_idx=None`
2026-08-02 13:35:21  [TileLang:tilelang.jit.kernel:INFO] (kernel.py:141): TileLang completes to compile kernel `kernel`
long_low_gva       1    32768    2    8     no    PASS         7.120
batch_split_gva    4     8192    2    8     no    PASS         6.141
2026-08-02 13:35:24  [TileLang:tilelang.jit.kernel:INFO] (kernel.py:133): TileLang begins to compile kernel `kernel` with `out_idx=None`
2026-08-02 13:35:30  [TileLang:tilelang.jit.kernel:INFO] (kernel.py:141): TileLang completes to compile kernel `kernel`
2026-08-02 13:35:32  [TileLang:tilelang.jit.kernel:INFO] (kernel.py:133): TileLang begins to compile kernel `kernel` with `out_idx=None`
2026-08-02 13:35:39  [TileLang:tilelang.jit.kernel:INFO] (kernel.py:141): TileLang completes to compile kernel `kernel`
wide_gva_state     1     8192   16   64    yes    PASS        11.448
2026-08-02 13:35:41  [TileLang:tilelang.jit.kernel:INFO] (kernel.py:133): TileLang begins to compile kernel `kernel` with `out_idx=None`
2026-08-02 13:35:48  [TileLang:tilelang.jit.kernel:INFO] (kernel.py:141): TileLang completes to compile kernel `kernel`
2026-08-02 13:35:49  [TileLang:tilelang.jit.kernel:INFO] (kernel.py:133): TileLang begins to compile kernel `kernel` with `out_idx=None`
2026-08-02 13:35:57  [TileLang:tilelang.jit.kernel:INFO] (kernel.py:141): TileLang completes to compile kernel `kernel`
deep_gva_state     1    16384    8   32    yes    PASS        12.383
--------------------------------------------------------------------
All 8 case(s) passed correctness.
