case,correctness,median_ms
2026-08-03 10:05:52  [TileLang:tilelang.jit.kernel:INFO] (kernel.py:133): TileLang begins to compile kernel `kernel` with `out_idx=None`
2026-08-03 10:06:00  [TileLang:tilelang.jit.kernel:INFO] (kernel.py:141): TileLang completes to compile kernel `kernel`
short_tail_state,PASS,0.148304
2026-08-03 10:06:02  [TileLang:tilelang.jit.kernel:INFO] (kernel.py:133): TileLang begins to compile kernel `kernel` with `out_idx=None`
2026-08-03 10:06:09  [TileLang:tilelang.jit.kernel:INFO] (kernel.py:141): TileLang completes to compile kernel `kernel`
chain_equal,PASS,0.973872
2026-08-03 10:06:10  [TileLang:tilelang.jit.kernel:INFO] (kernel.py:133): TileLang begins to compile kernel `kernel` with `out_idx=None`
2026-08-03 10:06:18  [TileLang:tilelang.jit.kernel:INFO] (kernel.py:141): TileLang completes to compile kernel `kernel`
parallel_equal,PASS,0.563856
2026-08-03 10:06:19  [TileLang:tilelang.jit.kernel:INFO] (kernel.py:133): TileLang begins to compile kernel `kernel` with `out_idx=None`
2026-08-03 10:06:27  [TileLang:tilelang.jit.kernel:INFO] (kernel.py:141): TileLang completes to compile kernel `kernel`
parallel_gva,PASS,0.513424
2026-08-03 10:06:28  [TileLang:tilelang.jit.kernel:INFO] (kernel.py:133): TileLang begins to compile kernel `kernel` with `out_idx=None`
2026-08-03 10:06:36  [TileLang:tilelang.jit.kernel:INFO] (kernel.py:141): TileLang completes to compile kernel `kernel`
long_low_gva,PASS,3.760784
batch_split_gva,PASS,2.900016
2026-08-03 10:06:39  [TileLang:tilelang.jit.kernel:INFO] (kernel.py:133): TileLang begins to compile kernel `kernel` with `out_idx=None`
2026-08-03 10:06:47  [TileLang:tilelang.jit.kernel:INFO] (kernel.py:141): TileLang completes to compile kernel `kernel`
wide_gva_state,PASS,5.310896
2026-08-03 10:06:50  [TileLang:tilelang.jit.kernel:INFO] (kernel.py:133): TileLang begins to compile kernel `kernel` with `out_idx=None`
2026-08-03 10:06:57  [TileLang:tilelang.jit.kernel:INFO] (kernel.py:141): TileLang completes to compile kernel `kernel`
deep_gva_state,PASS,5.955024
